// Jest Snapshot v1, https://goo.gl/fbAQLP

exports[`App Rendering Should match the snapshot 1`] = `
<div
  className="timeContainer"
>
  11:10:29 pm
</div>
`;
